SET client_min_messages TO warning;
DROP USER IF EXISTS credtest;
DROP EXTENSION yaspgpasswordpolicy CASCADE;
CREATE EXTENSION yaspgpasswordpolicy;
SELECT pg_password_history_reset();
 pg_password_history_reset 
---------------------------
                         0
(1 row)

SELECT * FROM pg_password_history WHERE rolename = 'credtest';
 rolename | password_date | password_hash 
----------+---------------+---------------
(0 rows)

-- no password in the history, settings password_reuse_history
-- or password_reuse_interval are not set yet
CREATE USER credtest WITH PASSWORD 'AJ8YuRe=6O0';
SET yaspgpasswordpolicy.password_reuse_history = 1;
SET yaspgpasswordpolicy.password_reuse_interval = 365;
SELECT rolename, password_hash FROM pg_password_history WHERE rolename = 'credtest' ORDER BY password_date ;
 rolename | password_hash 
----------+---------------
(0 rows)

-- Add a new password in the history and set its age to 100 days
ALTER USER credtest PASSWORD 'J8YuRe=6O';
SELECT pg_password_history_timestamp('credtest', now()::timestamp - '100 days'::interval);
 pg_password_history_timestamp 
-------------------------------
                             1
(1 row)

SELECT rolename, password_hash FROM pg_password_history WHERE rolename = 'credtest' ORDER BY password_date ;
 rolename |                          password_hash                           
----------+------------------------------------------------------------------
 credtest | c38cf85ca6c3e5ee72c09cf0bfb42fb29b0f0a3e8ba335637941d60f86512508
(1 row)

-- fail, the password is in the history for less than 1 year
ALTER USER credtest PASSWORD 'J8YuRe=6O';
ERROR:  Cannot use this credential following the password reuse policy
SELECT rolename, password_hash FROM pg_password_history WHERE rolename = 'credtest' ORDER BY password_date ;
 rolename |                          password_hash                           
----------+------------------------------------------------------------------
 credtest | c38cf85ca6c3e5ee72c09cf0bfb42fb29b0f0a3e8ba335637941d60f86512508
(1 row)

-- success, but the old password must be kept in the history (interval not reached)
ALTER USER credtest PASSWORD 'AJ8YuRe=6O1';
SELECT rolename, password_hash FROM pg_password_history WHERE rolename = 'credtest' ORDER BY password_date ;
 rolename |                          password_hash                           
----------+------------------------------------------------------------------
 credtest | c38cf85ca6c3e5ee72c09cf0bfb42fb29b0f0a3e8ba335637941d60f86512508
 credtest | 9b8221d3b2db06d2b736bbf1d45d046adc7b476e2c20a61adc4dd1886cbbb1ed
(2 rows)

-- fail, the password is still present in the history
ALTER USER credtest PASSWORD 'J8YuRe=6O';
ERROR:  Cannot use this credential following the password reuse policy
-- Change the age of the password to exceed the 1 year interval
SELECT pg_password_history_timestamp('credtest', now()::timestamp - '380 days'::interval);
 pg_password_history_timestamp 
-------------------------------
                             2
(1 row)

-- success, the old password present in the history has expired
ALTER USER credtest PASSWORD 'J8YuRe=6O';
SELECT rolename, password_hash FROM pg_password_history WHERE rolename = 'credtest' ORDER BY password_date ;
 rolename |                          password_hash                           
----------+------------------------------------------------------------------
 credtest | c38cf85ca6c3e5ee72c09cf0bfb42fb29b0f0a3e8ba335637941d60f86512508
(1 row)

-- Rename user, all entries in the history table must follow the change
ALTER USER credtest RENAME TO credtest2;
SELECT rolename, password_hash FROM pg_password_history WHERE rolename = 'credtest2' ORDER BY password_date ;
 rolename  |                          password_hash                           
-----------+------------------------------------------------------------------
 credtest2 | c38cf85ca6c3e5ee72c09cf0bfb42fb29b0f0a3e8ba335637941d60f86512508
(1 row)

-- Dropping the user must empty the record in history table
DROP USER credtest2;
SELECT * FROM pg_password_history WHERE rolename = 'credtest2';
 rolename | password_date | password_hash 
----------+---------------+---------------
(0 rows)

-- Reset the password history
SELECT pg_password_history_reset();
 pg_password_history_reset 
---------------------------
                         0
(1 row)

